Open Watcom Linker Version 2.0 beta May 10 2026 04:44:38 (32-bit)
Copyright (c) 2002-2026 The Open Watcom Contributors. All Rights Reserved.
Portions Copyright (c) 1985-2002 Sybase, Inc. All Rights Reserved.
新規作成:       26/05/21 12:02:48
実行可能イメージ: build\bin\sockhlp2.exe
a DOS 実行可能 を作成中


                        +------------+
                        |  グループ  |
                        +------------+

グループ                        アドレス             サイズ
=====                           =======              ====

DGROUP                          1114:0000            00003880



                        +--------------+
                        |  セグメント  |
                        +--------------+

セグメント             クラス         グループ      アドレス        サイズ
=========              ======         =========      ========        ======

sockhelp_v2_TEXT       CODE           AUTO           0000:0000       000007aa
packet_TEXT            CODE           AUTO           0000:07b0       000006a3
arp_TEXT               CODE           AUTO           0000:0e60       00000aae
eth_TEXT               CODE           AUTO           0000:1910       00000000
ip_TEXT                CODE           AUTO           0000:1910       00000d19
tcp_TEXT               CODE           AUTO           0000:2630       00002947
tcpsockm_TEXT          CODE           AUTO           0000:4f80       00000454
udp_TEXT               CODE           AUTO           0000:53e0       00000472
utils_TEXT             CODE           AUTO           0000:5860       000013f2
dns_TEXT               CODE           AUTO           0000:6c60       00000e80
timer_TEXT             CODE           AUTO           0000:7ae0       00000150
_TEXT                  CODE           AUTO           0000:7c30       00007115
trace_TEXT             CODE           AUTO           0000:ed50       000000fa
fsroot_TEXT            CODE           AUTO           0000:ee4a       0000000b
cppdata_TEXT           CODE           AUTO           0000:ee55       00000000
sockhelp_v2_DATA1      FAR_CONST      AUTO           0ee5:0005       0000053b
packet_DATA1           FAR_CONST      AUTO           0ee5:0540       00000164
arp_DATA1              FAR_CONST      AUTO           0ee5:06a4       00000279
ip_DATA1               FAR_CONST      AUTO           0ee5:091d       00000285
tcp_DATA1              FAR_CONST      AUTO           0ee5:0ba2       00000c50
tcpsockm_DATA1         FAR_CONST      AUTO           0ee5:17f2       000001b0
udp_DATA1              FAR_CONST      AUTO           0ee5:19a2       0000014d
utils_DATA1            FAR_CONST      AUTO           0ee5:1aef       000004b2
dns_DATA1              FAR_CONST      AUTO           0ee5:1fa1       0000031b
trace_DATA1            FAR_CONST      AUTO           0ee5:22bc       0000002a
fsroot_DATA1           FAR_CONST      AUTO           1114:0000       00000000
cppdata_DATA1          FAR_CONST      AUTO           1114:0000       00000000
FAR_DATA               FAR_DATA       AUTO           1114:0000       00000000
_NULL                  BEGDATA        DGROUP         1114:0000       00000020
_AFTERNULL             BEGDATA        DGROUP         1116:0000       00000002
CONST                  DATA           DGROUP         1116:0002       00000366
CONST2                 DATA           DGROUP         114d:0000       00000251
_DATA                  DATA           DGROUP         1173:0000       00000578
XIB                    DATA           DGROUP         11ca:0008       00000000
XI                     DATA           DGROUP         11ca:0008       00000024
XIE                    DATA           DGROUP         11cc:000c       00000000
YIB                    DATA           DGROUP         11cc:000c       00000000
YI                     DATA           DGROUP         11cc:000c       00000018
YIE                    DATA           DGROUP         11ce:0004       00000000
DATA                   DATA           DGROUP         11ce:0004       00000000
_BSS                   BSS            DGROUP         11cf:0000       00000cc2
STACK                  STACK          DGROUP         129c:0000       00002000


                        +----------------+
                        | メモリ・マップ |
                        +----------------+

* = 参照されないシンボル
+ = シンボルはローカルでの参照のみです

アドレス       シンボル
========       ========

モジュール: build/obj/sockhlp2.obj(build/obj/sockhlp2.obj)
0000:0000+     void __far ctrlBreakHandler()
0000:0042+     int __far init_mtcp()
0000:00f8+     void __far shutdown_mtcp()
0000:0142+     int __far connect_to_server( char unsigned __far *, short unsigned )
0000:03ec      main_
モジュール: build/obj/packet_l.obj(build/obj/packet_l.obj)
1114:0c3e      char unsigned __far Buffer_first
1114:0c3f      char unsigned __far Buffer_next
1114:0c9a+     char unsigned __far Buffer_lowFreeCount
1114:0c9c+     long unsigned __far Packets_dropped
1114:0ca0+     long unsigned __far Packets_received
1114:0ca4+     long unsigned __far Packets_sent
1114:0ca8+     long unsigned __far Packets_send_errs
1114:0cac+     long unsigned __far Packets_send_retries
0000:07b0      char signed __far Buffer_init()
0000:0842      void __far Buffer_startReceiving()
0000:084a      void __far Buffer_free( char unsigned const __far * )
0000:08ac      void __far Buffer_stopReceiving()
0000:08b4      void __far Buffer_stop()
0000:08d0      char signed __far Packet_registerEtherType( short unsigned, void (__far *)())
0000:0912*     void __far Packet_registerDefault( void (__far *)())
0000:09fa      char signed __far Packet_init( char unsigned )
0000:0a0c+     char signed __far Packet_init2( char unsigned, short unsigned, short unsigned )
0000:0b00      char signed __far Packet_release_type()
0000:0b82      void __far Packet_get_addr( char unsigned __far * )
0000:0bc0      void __far Packet_send_pkt( void __far *, short unsigned )
0000:0ce2      void __far Packet_process_internal()
0000:0dec      void __far Packet_dumpStats( __iobuf __far * )
0000:0e3c*     char unsigned __far Packet_getSoftwareInt()
0000:0e42*     short unsigned __far Packet_getHandle()
0000:0e48*     void __far Packet_setHandle( short unsigned )
0000:0e4e*     void __far Packet_setInt( char unsigned )
1114:05f0+     char const __far * __far PKT_DRVR_EYE_CATCHER
1114:0cb4+     void (__far * __far Packet_EtherTypeHandler[])( char unsigned __far *, short unsigned )
1114:0cbc+     short unsigned __far Packet_EtherTypeVal[]
1114:0cc0+     char unsigned __far Packet_EtherTypeHandlers
1114:0cc2+     void (__far * __far Packet_typeUnhandled)( char unsigned __far *, short unsigned )
モジュール: build/obj/arp_l.obj(build/obj/arp_l.obj)
1114:0cd0+     Arp::__5QEQH2Pending_t __far Arp::pending[]
1114:0ce4      short unsigned __far Arp::pendingEntries
1114:0ce6+     Arp::__2AF1EIRec_t __far Arp::arpTable[]
1114:0d2c+     short unsigned __far Arp::entries
1114:0d30+     long unsigned __far Arp::RequestsReceived
1114:0d34+     long unsigned __far Arp::RepliesReceived
0000:0e60      void __far Arp::dumpStats( __iobuf __far * )
0000:0eb2      void __far Arp::init()
0000:103e      void __far Arp::clearPendingTable()
0000:1064*     void __far Arp::dumpTable()
0000:1102+     char signed __far Arp::findEth( char unsigned const __far *, char unsigned __far * )
0000:1198      void __far Arp::processArp( char unsigned __far *, short unsigned )
0000:13e6      void __far Arp::driveArp2()
0000:14d8+     void __far Arp::updateEntry( short unsigned, char unsigned const __far * )
0000:1552+     void __far Arp::updateOrAddCache( char unsigned __far *, char unsigned __far * )
0000:16e0+     void __far Arp::sendArpRequest( char unsigned __far * )
0000:17c2      void __far Arp::sendArpRequest2( char unsigned __far * )
0000:183c+     void __far Arp::sendArpResponse( ArpHeader __far * )
0000:18ee      char signed __far Arp::resolve( char unsigned __far *, char unsigned __far * )
1114:0d38+     long unsigned __far Arp::RequestsSent
1114:0d3c+     long unsigned __far Arp::RepliesSent
1114:0d40+     long unsigned __far Arp::CacheModifiedCount
1114:0d44+     long unsigned __far Arp::CacheEvictions
1114:0d48+     __4DJ5K5ArpPacket_t __far Arp_prebuiltResponse
1114:0d84+     __4DJ5K5ArpPacket_t __far Arp_prebuiltRequest
モジュール: build/obj/eth_l.obj(build/obj/eth_l.obj)
1114:0390      char unsigned const __far Eth::Eth_Broadcast[]
1114:0612      short unsigned __far MyMTU
1114:0dc0      char unsigned __far MyEthAddr[]
モジュール: build/obj/ip_l.obj(build/obj/ip_l.obj)
1114:0dd0      char unsigned __far Gateway[]
1114:0dd4      char unsigned const __far IpInvalid[]
1114:0dd8+     long unsigned __far Ip::icmpRecvPackets
1114:0ddc*     long unsigned __far Ip::ptrWrapCorrected
1114:0de0+     long unsigned __far Ip::badChecksum
1114:0de4+     long unsigned __far Ip::unhandledProtocol
1114:0de8+     long unsigned __far Ip::fragsReceived
1114:0dec+     long unsigned __far Ip::goodReassemblies
1114:0df0+     long unsigned __far Ip::timeoutReassemblies
1114:0df4+     long unsigned __far Ip::notEnoughSlots
1114:0df8+     long unsigned __far Ip::tooManyInFlight
1114:0dfc+     long unsigned __far Ip::payloadTooBig
1114:0e00+     short unsigned __far IpHeader::IpIdent
1114:0e02      char unsigned __far * __far Ip::ipReassemblyMemoryStart
1114:0e06      char unsigned __far * __far Ip::ipReassemblyMemoryEnd
1114:0e0a      char unsigned __far Ip::fragsInReassembly
1114:0620      char __far MyHostname[]
1114:0634      char unsigned __far MyIpAddr[]
1114:0638      char unsigned __far Netmask[]
1114:063c      long unsigned __far MyIpAddr_u
1114:0640      long unsigned __far Netmask_u
0000:1910      void __far Ip::dumpStats( __iobuf __far * )
0000:1a86      int __far Ip::initForReassembly()
0000:1b04      void __far Ip::reassemblyStop()
0000:1b48      void __far Ip::returnBigPacket( char unsigned __far * )
0000:1b64      void __far Ip::purgeOverdue()
0000:210e      void __far Ip::process( char unsigned __far *, short unsigned )
0000:227e      void __far IpHeader::set( char unsigned, char unsigned const __far *, short unsigned, char unsigned, short unsigned )
0000:2368      char signed __far IpHeader::setDestEth( char unsigned __far * )
0000:2428      void __far Icmp::init()
0000:2454+     void __near Icmp::process( char unsigned __far *, IpHeader __far * )
1114:03a0      char unsigned const __far IpBroadcastNonRoutable[]
1114:0f96+     void (__far * __far Icmp::icmpCallback)( char unsigned const __far *, IcmpHeader const __far * )
1114:0f9a+     __4C6MUKIcmpEchoPacket_t __far Icmp::icmpEchoPacket
モジュール: build/obj/tcp_l.obj(build/obj/tcp_l.obj)
1114:10d0+     long unsigned __far Tcp::Packets_Sent
1114:10d4+     long unsigned __far Tcp::Packets_Received
1114:10d8+     long unsigned __far Tcp::Packets_Retransmitted
1114:10dc+     long unsigned __far Tcp::Packets_SeqOrAckError
1114:10e0+     long unsigned __far Tcp::Packets_DroppedNoSpace
1114:10e4+     long unsigned __far Tcp::OurWindowReopened
1114:10e8+     long unsigned __far Tcp::SentZeroWindowProbe
1114:10ec+     long unsigned __far Tcp::ChecksumErrors
1114:10f0      short unsigned __far Tcp::Pending_Sent
1114:10f2      short unsigned __far Tcp::Pending_Outgoing
1114:10f4+     TcpBuffer __far * __far TcpBuffer::xmitBuffers[]
1114:111c+     char unsigned __far TcpBuffer::freeXmitBuffers
1114:0670+     char __far * __far TcpSocket::StateDesc[]
0000:2630      void __far Tcp::dumpStats( __iobuf __far * )
0000:2682      char signed __far TcpBuffer::init( char unsigned )
0000:2794      void __far TcpBuffer::stop()
0000:27b0*     __far TcpSocket::TcpSocket()
0000:27c2      void __far TcpSocket::reinit()
0000:28dc      char signed __far TcpSocket::setRecvBuffer( short unsigned )
0000:29dc+     char signed __near TcpSocket::connect2( short unsigned, char unsigned __far *, short unsigned )
0000:2ad0*     char signed __far TcpSocket::connect( short unsigned, char unsigned __far *, short unsigned, long unsigned )
0000:2c08      char signed __far TcpSocket::connectNonBlocking( short unsigned, char unsigned __far *, short unsigned )
0000:2c1c*     char signed __far TcpSocket::shutdown( char unsigned )
0000:2c86+     char signed __near TcpSocket::closeLocal()
0000:2de2      void __far TcpSocket::close()
0000:2e8e*     void __far TcpSocket::closeNonblocking()
0000:2ede+     char signed __far TcpSocket::isCloseDone()
0000:2f86+     void __near TcpSocket::clearQueues()
0000:30b6      void __far TcpSocket::destroy()
0000:313a+     void __near TcpSocket::setMaxEnqueueSize( TcpHeader __far * )
0000:3182+     short __far TcpSocket::enqueue( TcpBuffer __far * )
0000:3354+     void __near TcpSocket::resendPacket( TcpBuffer __far * )
0000:3414+     char signed __near TcpSocket::sendPacket( TcpBuffer __far * )
0000:38d2+     void __near TcpSocket::sendResetPacket( IpHeader __far *, TcpHeader __far *, short unsigned )
0000:3a12+     void __near TcpSocket::sendPureAck( bool )
0000:3ae4      void __far Tcp::process( char unsigned __far *, IpHeader __far * )
0000:3d16+     void __near Tcp::process2( char unsigned __far *, IpHeader __far *, TcpHeader __far *, TcpSocket __far * )
0000:4400+     int __far Tcp::processPacketData( TcpSocket __far *, short unsigned, char unsigned __far *, IpHeader __far *, TcpHeader __far * )
0000:45fe+     void __near TcpSocket::removeSentPackets( long unsigned )
0000:481e+     char signed __near TcpSocket::addToRcvBuf( char unsigned __far *, short unsigned )
0000:4906*     short __far TcpSocket::recv( char unsigned __far *, short unsigned )
0000:4a7e*     short __far TcpSocket::send( char unsigned __far *, short unsigned )
0000:4bb0      void __far Tcp::drivePackets2()
0000:4f1e+     short unsigned __near TcpHeader::readMSS( TcpHeader __far * )
1114:111d+     char unsigned __far TcpBuffer::allocatedXmitBuffers
1114:111e+     void __far * __far TcpBuffer::xmitBuffersMemPtr
モジュール: build/obj/tcpsockm_l.obj(build/obj/tcpsockm_l.obj)
1114:1122      TcpSocket __far * __far TcpSocketMgr::socketTable[]
1114:1132+     TcpSocket __far * __far TcpSocketMgr::availSocketTable[]
1114:1142+     TcpSocket __far * __far TcpSocketMgr::socketsMemPtr
1114:1146      char unsigned __far TcpSocketMgr::activeSockets
1114:1147+     char unsigned __far TcpSocketMgr::availSockets
0000:4f80      char signed __far TcpSocketMgr::init( char unsigned )
0000:50c2      void __far TcpSocketMgr::stop()
0000:50de      TcpSocket __far * __far TcpSocketMgr::getSocket()
0000:5156      char signed __far TcpSocketMgr::freeSocket( TcpSocket __far * )
0000:51d0*     TcpSocket __far * __far TcpSocketMgr::accept()
0000:52e8      void __far TcpSocketMgr::makeActive( TcpSocket __far * )
0000:5368      void __far TcpSocketMgr::makeInactive( TcpSocket __far * )
1114:1148+     char unsigned __far TcpSocketMgr::allocatedSockets
1114:1149      char unsigned __far TcpSocketMgr::pendingAccepts
1114:114a      short unsigned __far TcpSocketMgr::MSS_to_advertise
モジュール: build/obj/udp_l.obj(build/obj/udp_l.obj)
1114:1150+     char unsigned __far Udp::callbackPorts
1114:1152+     short unsigned __far Udp::callbackList[]
1114:1154+     void (__far * __far Udp::callbackFunctions[])( char unsigned const __far *, UdpHeader const __far * )
1114:1158+     long unsigned __far Udp::Packets_Sent
1114:115c+     long unsigned __far Udp::Fragments_Sent
1114:1160+     long unsigned __far Udp::Packets_Received
0000:53e0      void __far Udp::dumpStats( __iobuf __far * )
0000:5428*     short unsigned __far Udp::getUnusedCallbackPort()
0000:5468      char signed __far Udp::registerCallback( short unsigned, void (__far *)())
0000:54c4      char signed __far Udp::unregisterCallback( short unsigned )
0000:552e      char signed __far Udp::sendUdp( char unsigned const __far *, short unsigned, short unsigned, short unsigned, char unsigned __far *, char unsigned )
0000:5700      void __far Udp::process( char unsigned const __far *, IpHeader __far * )
1114:1164+     long unsigned __far Udp::NoHandler
1114:1168+     long unsigned __far Udp::ChecksumErrors
モジュール: build/obj/utils_l.obj(build/obj/utils_l.obj)
1114:03b0+     char const __far Parm_PacketInt[]
1114:03c0+     char const __far Parm_Hostname[]
1114:03d0*     char const __far Parm_Hostname_Assigned[]
1114:03e8+     char const __far Parm_Domain[]
1114:03f0+     char const __far Parm_IpAddr[]
1114:03f8+     char const __far Parm_Gateway[]
1114:0400+     char const __far Parm_Netmask[]
1114:0408+     char const __far Parm_Nameserver[]
1114:0418+     char const __far Parm_Nameserver_preferred[]
1114:0430+     char const __far Parm_Mtu[]
1114:0438+     char const __far Parm_HostsFilename[]
1114:0448*     char const __far Parm_DHCPLeaseRequest[]
1114:1170      char unsigned __far mTCP_releaseTimesliceEnabled
1114:1174+     char unsigned __far Preferred_nameserver[]
1114:1178+     bool __far Preferred_nameserver_set
1114:1179+     char unsigned __far Utils::packetInt
1114:117a+     char unsigned __far Utils::packetInt2
1114:117c+     __iobuf __far * __far Utils::CfgFile
1114:1180+     char __far * __far Utils::CfgFilenamePtr
1114:1184+     void (__far * __far Utils::oldCtrlBreakHandler)()
1114:1188+     char __far Utils::lineBuffer[]
1114:1228+     char __far Utils::parmName[]
0000:5860      void __far Utils::dumpBytes( __iobuf __far *, char unsigned __far *, int unsigned )
0000:5964+     bool __far Utils::rtrim( char __far * )
0000:598e+     int __far Utils::getLine( __iobuf __far *, bool, char __far *, int, int )
0000:5a50      char signed __far Utils::parseEnv()
0000:617c+     void __far Utils::parseOptionalEnvVars()
0000:6214*     __iobuf __far * __far Utils::openCfgFile()
0000:6270*     void __far Utils::closeCfgFile()
0000:6282*     char signed __far Utils::getAppValue( char const __far *, char __far *, short unsigned )
0000:636c      char signed __far Utils::initStack( char unsigned, char unsigned, void (__far *)(), void (__far *)())
0000:6866      void __far Utils::endStack2( bool )
0000:6902+     void __far Utils::dumpStats( __iobuf __far * )
0000:6934*     long unsigned __far Utils::timeDiff( dostime_t, dostime_t )
0000:6a2c      char __far * __far Utils::getNextToken( char __far *, char __far *, short unsigned )
1114:06b7      char unsigned __far mTCP_sleepCallEnabled
モジュール: build/obj/dns_l.obj(build/obj/dns_l.obj)
1114:12a0      char unsigned __far Dns::NameServer[]
1114:12a4      char unsigned __far Dns::queryPending
1114:12a6+     __anonymous_enum __far Dns::lastQueryRc
1114:12a8+     Dns::__3D3F4ADNS_Pending_Rec_t __far Dns::pendingQuery
1114:13b6+     Dns::__19OH6NDNS_Rec_t __far Dns::dnsTable[]
1114:143e+     char unsigned __far Dns::entries
1114:06c0      char __far Dns::Domain[]
1114:06f8      char __far Dns::HostsFilename[]
0000:6c60*     void __far Dns::flushCache()
0000:6c80+     char signed __far Dns::find( char const __far * )
0000:6ce4+     void __far Dns::addOrUpdate( char const __far *, char unsigned __far * )
0000:6dec*     void __far Dns::deleteFromCache( char const __far * )
0000:6e44      char signed __far Dns::init()
0000:6e92      void __far Dns::stop()
0000:6e9a      char signed __far Dns::resolve( char const __far *, char unsigned __far *, char unsigned )
0000:7148+     void __far Dns::sendRequest( char unsigned __far *, char const __far *, short unsigned )
0000:744c+     void __far Dns::udpHandler( char unsigned const __far *, UdpHeader const __far * )
0000:787e*     void __far Dns::drivePendingQuery1()
0000:7918+     void __far Dns::drivePendingQuery2()
0000:794a+     void __far Dns::scanHostsFile( char const __far *, char const __far *, char unsigned __far * )
モジュール: build/obj/timer_l.obj(build/obj/timer_l.obj)
1114:15c0      long unsigned volatile __far Timer_CurrentTicks
0000:7ae0+     void __far Timer_tick_handler()
0000:7b32      void __far Timer_start()
0000:7b64      void __far Timer_stop()
0000:7b98*     void __far Timer_manageTimer( short unsigned __far * )
0000:7bc6*     void __far Timer_stopManagingTimer( short unsigned __far * )
1114:15f0+     void (__far * __far Timer_old_tick_handler)()
モジュール: build/obj/ipasm.obj(build/obj/ipasm.obj)
0000:7c30      _ipchksum
0000:7c60      _ip_p_chksum
0000:7cd5*     _ip_p_chksum2
モジュール: build/obj/trace_l.obj(build/obj/trace_l.obj)
0000:ed50      void __far Trace_beginTracing()
0000:edaa      void __far Trace_endTracing()
0000:edbc      void __far Trace_tprintf( char __far *, ... )
1114:0758      __iobuf __far * __far Trace_Stream
1114:075c      char __far Trace_Severity
1114:15f4      short unsigned __far Trace_Debugging
1114:15f6      char __far * __far Trace_LogFile
モジュール: C:\WATCOM\lib286\dos\clibl.lib(printf.c)
0000:7d6b      printf_
モジュール: C:\WATCOM\lib286\dos\clibl.lib(rand.c)
0000:7d8a      rand_
0000:7dcc      srand_
モジュール: C:\WATCOM\lib286\dos\clibl.lib(strcmp.c)
0000:7def      strcmp_
モジュール: C:\WATCOM\lib286\dos\clibl.lib(atoi.c)
0000:7e17      atoi_
モジュール: C:\WATCOM\lib286\dos\clibl.lib(fopen.c)
0000:7e87+     __open_flags_
0000:806e+     _fsopen_
0000:80cf      fopen_
0000:81a3*     freopen_
モジュール: C:\WATCOM\lib286\dos\clibl.lib(fprintf.c)
0000:820f      fprintf_
モジュール: C:\WATCOM\lib286\dos\clibl.lib(fclose.c)
0000:822e      __doclose_
0000:82ec      __shutdown_stream_
0000:8303      fclose_
1114:15fa+     ___RmTmpFileFn
モジュール: C:\WATCOM\lib286\dos\clibl.lib(cstart)
1114:0000*     __nullarea
1114:0762*     __ovlflag
1114:0763*     __intno
1114:0764*     __ovlvec
0000:834e      _cstart_
0000:84f9      __exit_
0000:8516      __do_exit_with_msg_
0000:85f3      __GETDS
モジュール: C:\WATCOM\lib286\dos\clibl.lib(argcv.c)
1114:15fc      __argv
1114:1600      ___argv
1114:1604      __argc
1114:1606      ___argc
モジュール: C:\WATCOM\lib286\plibl.lib(fsroot.cpp)
1114:0b6e      ___wcpp_4_data_init_fs_root_
モジュール: C:\WATCOM\lib286\dos\clibl.lib(fmalloc.c)
0000:85fd      _fmalloc_
0000:85fd      malloc_
1114:0768      ___fheapbeg
1114:076a      ___fheapRover
1114:076c      ___LargestSizeB4Rover
モジュール: C:\WATCOM\lib286\dos\clibl.lib(ffree.c)
0000:870e      _ffree_
0000:870e      free_
モジュール: C:\WATCOM\lib286\dos\clibl.lib(fmemcmp.c)
0000:8756      _fmemcmp_
モジュール: C:\WATCOM\lib286\dos\clibl.lib(intx086.c)
0000:877e      int86x_
0000:881f*     int86_
モジュール: C:\WATCOM\lib286\dos\clibl.lib(getenv.c)
0000:884c      getenv_
モジュール: C:\WATCOM\lib286\dos\clibl.lib(strcpy.c)
0000:891b      strcpy_
モジュール: C:\WATCOM\lib286\dos\clibl.lib(time.c)
0000:8963      time_
モジュール: C:\WATCOM\lib286\dos\clibl.lib(memcpy.c)
0000:89a4      memcpy_
モジュール: C:\WATCOM\lib286\dos\clibl.lib(memset.c)
0000:89c6      memset_
モジュール: C:\WATCOM\lib286\dos\clibl.lib(i4d)
0000:89de*     __I4D
0000:8a2d      __U4D
モジュール: C:\WATCOM\lib286\dos\clibl.lib(fputs.c)
0000:8ab1      fputs_
モジュール: C:\WATCOM\lib286\dos\clibl.lib(fgets.c)
0000:8b4d      fgets_
モジュール: C:\WATCOM\lib286\dos\clibl.lib(feof.c)
0000:8bdc      feof_
モジュール: C:\WATCOM\lib286\dos\clibl.lib(errno.c)
0000:8be9      __get_errno_ptr_
1114:1608      _errno
モジュール: C:\WATCOM\lib286\dos\clibl.lib(strerror.c)
0000:8bf0      strerror_
0000:8c18*     _strerror_
1114:076e+     __sys_errlist
1114:0812+     __sys_nerr
モジュール: C:\WATCOM\lib286\dos\clibl.lib(iob.c)
1114:0814      ___iob
1114:170a      ___OpenStreams
1114:170e      ___ClosedStreams
モジュール: C:\WATCOM\lib286\dos\clibl.lib(_istricm.gas)
0000:8c8e      stricmp_
モジュール: C:\WATCOM\lib286\dos\clibl.lib(sscanf.c)
0000:8cbe+     vsscanf_
0000:8ce8      sscanf_
モジュール: C:\WATCOM\lib286\dos\clibl.lib(fseek.c)
0000:8d73      fseek_
モジュール: C:\WATCOM\lib286\dos\clibl.lib(isspace.c)
0000:8ed1      isspace_
モジュール: C:\WATCOM\lib286\dos\clibl.lib(strncpy.c)
0000:8efa      strncpy_
モジュール: C:\WATCOM\lib286\dos\clibl.lib(puts.c)
0000:8f36      puts_
モジュール: C:\WATCOM\lib286\dos\clibl.lib(d_getvec.c)
0000:8f66      _dos_getvect_
モジュール: C:\WATCOM\lib286\dos\clibl.lib(d_setvec.c)
0000:8f71      _dos_setvect_
モジュール: C:\WATCOM\lib286\dos\clibl.lib(fheapchk.c)
0000:9025*     _fheapchk_
0000:9025      _heapchk_
1114:1712+     ___fheapchk_current
モジュール: C:\WATCOM\lib286\dos\clibl.lib(fflush.c)
0000:909f      fflush_
モジュール: C:\WATCOM\lib286\dos\clibl.lib(i4m)
0000:90b4      __I4M
0000:90b4      __U4M
モジュール: C:\WATCOM\lib286\dos\clibl.lib(strlen.c)
0000:90cc      strlen_
モジュール: C:\WATCOM\lib286\dos\clibl.lib(isdigit.c)
0000:90e1      isdigit_
モジュール: C:\WATCOM\lib286\dos\clibl.lib(strcat.c)
0000:910a      strcat_
モジュール: C:\WATCOM\lib286\dos\clibl.lib(chainint)
0000:9136      _chain_intr_
モジュール: C:\WATCOM\lib286\dos\clibl.lib(dosgtime)
0000:9156      _dos_getdate_
0000:9174      _dos_gettime_
モジュール: C:\WATCOM\lib286\dos\clibl.lib(vfprintf.c)
0000:9192      vfprintf_
モジュール: C:\WATCOM\lib286\dos\clibl.lib(flushall.c)
0000:91a2      __flushall_
0000:91fd      flushall_
モジュール: C:\WATCOM\lib286\dos\clibl.lib(fprtf.c)
0000:9220      __fprtf_
モジュール: C:\WATCOM\lib286\dos\clibl.lib(istable.c)
1114:04b2      __IsTable
モジュール: C:\WATCOM\lib286\dos\clibl.lib(comtflag.c)
1114:097c      __commode
モジュール: C:\WATCOM\lib286\dos\clibl.lib(textmode.c)
1114:097e      __fmode
モジュール: C:\WATCOM\lib286\dos\clibl.lib(tolower.c)
0000:92e3      tolower_
モジュール: C:\WATCOM\lib286\dos\clibl.lib(open.c)
0000:94e1*     open_
0000:9508      _sopen_
モジュール: C:\WATCOM\lib286\dos\clibl.lib(chktty.c)
0000:9527      __chktty_
モジュール: C:\WATCOM\lib286\dos\clibl.lib(freefp.c)
0000:9552      __freefp_
0000:95c7      __purgefp_
モジュール: C:\WATCOM\lib286\dos\clibl.lib(allocfp.c)
0000:9603      __allocfp_
モジュール: C:\WATCOM\lib286\dos\clibl.lib(__lseek.c)
0000:971d      __lseek_
モジュール: C:\WATCOM\lib286\dos\clibl.lib(_clse.c)
0000:975b      __close_
モジュール: C:\WATCOM\lib286\dos\clibl.lib(flush.c)
0000:9784      __flush_
0000:98b6*     __clib_flush_
モジュール: C:\WATCOM\lib286\dos\clibl.lib(xmsg.c)
0000:98ba*     __exit_with_msg_
0000:98bd      __fatal_runtime_error_
モジュール: C:\WATCOM\lib286\dos\clibl.lib(cmain086.c)
0000:98d6      __CMain
モジュール: C:\WATCOM\lib286\dos\clibl.lib(initrtns.c)
0000:9924      __InitRtns
0000:997b      __FiniRtns
モジュール: C:\WATCOM\lib286\dos\clibl.lib(crwdata)
1114:0980      __curbrk
1114:0988      __STACKLOW
1114:098a      __STACKTOP
1114:098c      __cbyte
1114:098e      __child
1114:0990      __no87
1114:099d      ___FPE_handler
1114:0982      __psp
1114:0991      __get_ovl_stack
1114:0995      __restore_ovl_stack
1114:0999      __close_ovl_file
1114:09a1      __LpCmdLine
1114:09a5      __LpPgmName
1114:0984      __osmajor
1114:0985      __osminor
1114:0986      __osmode
1114:0987      __HShift
モジュール: C:\WATCOM\lib286\dos\clibl.lib(uselfn.c)
1114:09aa      ___uselfn
モジュール: C:\WATCOM\lib286\dos\clibl.lib(initargv.c)
0000:9bd7      __Init_Argv_
0000:9c33      __Fini_Argv_
モジュール: C:\WATCOM\lib286\plibl.lib(cppdata.cpp)
1114:171a      __wint_thread_data
1114:173e*     __compiled_under_generic
モジュール: C:\WATCOM\lib286\dos\clibl.lib(mem.c)
0000:9c60      __MemAllocator
0000:9d26      __MemFree
モジュール: C:\WATCOM\lib286\dos\clibl.lib(growseg.c)
0000:9e9d      __GrowSeg_
モジュール: C:\WATCOM\lib286\dos\clibl.lib(allocseg.c)
0000:9f6c      __AllocSeg_
モジュール: C:\WATCOM\lib286\dos\clibl.lib(fmemneed.c)
0000:a00b      __fmemneed_
モジュール: C:\WATCOM\lib286\dos\clibl.lib(nmalloc.c)
0000:a00e      _nmalloc_
1114:09ac      ___nheapbeg
1114:09ae      ___MiniHeapRover
1114:09b0      ___LargestSizeB4MiniHeapRover
モジュール: C:\WATCOM\lib286\dos\clibl.lib(heapgrow.c)
0000:a0e5*     _heapgrow_
0000:a0e5*     _fheapgrow_
0000:a0e6      _nheapgrow_
モジュール: C:\WATCOM\lib286\dos\clibl.lib(nfree.c)
0000:a15d      _nfree_
1114:1740+     ___MiniHeapFreeRover
モジュール: C:\WATCOM\lib286\dos\clibl.lib(dointr)
0000:a25a      _DoINTR_
モジュール: C:\WATCOM\lib286\dos\clibl.lib(segread.c)
0000:a5cf      segread_
モジュール: C:\WATCOM\lib286\dos\clibl.lib(environ.c)
1114:1742      ___env_mask
1114:1746      _environ
1114:174a      __wenviron
モジュール: C:\WATCOM\lib286\dos\clibl.lib(mbterm.c)
0000:a5ef      _mbterm_
モジュール: C:\WATCOM\lib286\dos\clibl.lib(mbsnextc.c)
0000:a61b      _mbsnextc_
モジュール: C:\WATCOM\lib286\dos\clibl.lib(mbcupper.c)
0000:a640      _mbctoupper_
モジュール: C:\WATCOM\lib286\dos\clibl.lib(mbsinc.c)
0000:a663      _mbsinc_
モジュール: C:\WATCOM\lib286\dos\clibl.lib(gtctm.c)
0000:a687      __getctime_
モジュール: C:\WATCOM\lib286\dos\clibl.lib(mktime.c)
0000:a710      mktime_
モジュール: C:\WATCOM\lib286\dos\clibl.lib(fputc.c)
0000:a7c4      fputc_
モジュール: C:\WATCOM\lib286\dos\clibl.lib(ioalloc.c)
0000:a891      __ioalloc_
モジュール: C:\WATCOM\lib286\dos\clibl.lib(fgetc.c)
0000:a929+     __fill_buffer_
0000:aa15      fgetc_
モジュール: C:\WATCOM\lib286\dos\clibl.lib(initfile.c)
0000:aaba      __InitFiles_
モジュール: C:\WATCOM\lib286\dos\clibl.lib(ioexit.c)
0000:ac11*     fcloseall_
0000:ac18      __full_io_exit_
モジュール: C:\WATCOM\lib286\dos\clibl.lib(stricmp.c)
0000:ac20      _stricmp_
モジュール: C:\WATCOM\lib286\dos\clibl.lib(scnf.c)
0000:b9c4      __scnf_
モジュール: C:\WATCOM\lib286\dos\clibl.lib(lseek.c)
0000:bc2b      lseek_
モジュール: C:\WATCOM\lib286\dos\clibl.lib(tell.c)
0000:bc56      _tell_
モジュール: C:\WATCOM\lib286\dos\clibl.lib(heapwalk.c)
0000:bca7      __HeapWalk_
モジュール: C:\WATCOM\lib286\dos\clibl.lib(prtf.c)
0000:c8f3      __prtf_
モジュール: C:\WATCOM\lib286\dos\clibl.lib(opendos.c)
0000:cb27      _dos_open_
モジュール: C:\WATCOM\lib286\dos\clibl.lib(iomode.c)
0000:cb4b      __GetIOMode_
0000:cb70      __SetIOMode_
1114:09b2      ___NFiles
1114:09b4      ___init_mode
1114:09dc      ___io_mode
モジュール: C:\WATCOM\lib286\dos\clibl.lib(isatt.c)
0000:cb93      isatty_
モジュール: C:\WATCOM\lib286\dos\clibl.lib(doserrno.c)
1114:174e      __doserrno
モジュール: C:\WATCOM\lib286\dos\clibl.lib(umaskval.c)
1114:09e0      ___umaskval
モジュール: C:\WATCOM\lib286\dos\clibl.lib(creatdos.c)
0000:cbb9      _dos_creat_
0000:cbdb*     _dos_creatnew_
モジュール: C:\WATCOM\lib286\dos\clibl.lib(stiomode.c)
0000:cbfa+     __grow_iomode_
0000:cce6      __SetIOMode_grow_
モジュール: C:\WATCOM\lib286\dos\clibl.lib(dosret.c)
0000:cd3e      __set_errno_dos_
0000:cd98*     __set_errno_dos_reterr_
モジュール: C:\WATCOM\lib286\dos\clibl.lib(qwrit.c)
0000:cda2      __qwrite_
モジュール: C:\WATCOM\lib286\dos\clibl.lib(fsync.c)
0000:cdfe      fsync_
モジュール: C:\WATCOM\lib286\dos\clibl.lib(enterdb.c)
0000:ce03      __EnterWVIDEO_
1114:09f6+     __WD_Present
モジュール: C:\WATCOM\lib286\dos\clibl.lib(___argc.c)
1114:1752      ____Argv
1114:1756      ____Argc
モジュール: C:\WATCOM\lib286\dos\clibl.lib(exit.c)
0000:ce27+     __null_int23_exit_
0000:ce28      exit_
0000:ce53*     _exit_
1114:09f8+     ___int23_exit
1114:09fa+     ___FPE_handler_exit
モジュール: C:\WATCOM\lib286\dos\clibl.lib(sgdef086)
1114:0b68      __Start_XI
1114:0b8c      __End_XI
1114:0b8c      __Start_YI
1114:0ba4      __End_YI
モジュール: C:\WATCOM\lib286\dos\clibl.lib(histsplt.c)
1114:1758      ___historical_splitparms
モジュール: C:\WATCOM\lib286\dos\clibl.lib(heapen.c)
1114:09fc      ___heap_enabled
モジュール: C:\WATCOM\lib286\dos\clibl.lib(amblksiz.c)
1114:09fe      __amblksiz
モジュール: C:\WATCOM\lib286\dos\clibl.lib(nmemneed.c)
0000:ce6c      __nmemneed_
モジュール: C:\WATCOM\lib286\dos\clibl.lib(grownear.c)
0000:ceee      __LastFree_
0000:cf66      __ExpandDGROUP_
モジュール: C:\WATCOM\lib286\dos\clibl.lib(setenvp.c)
0000:d089      __setenvp_
0000:d18a      __freeenvp_
モジュール: C:\WATCOM\lib286\dos\clibl.lib(mbislead.c)
0000:d20e      _ismbblead_
1114:175e      ___MBCSIsTable
モジュール: C:\WATCOM\lib286\dos\clibl.lib(mbinit.c)
0000:d293      __mbinit_
1114:0a00      ___MBCodePage
モジュール: C:\WATCOM\lib286\dos\clibl.lib(mbdtoupp.c)
0000:d310      _mbdtoupper_
モジュール: C:\WATCOM\lib286\dos\clibl.lib(toupper.c)
0000:d31e      toupper_
モジュール: C:\WATCOM\lib286\dos\clibl.lib(locmktim.c)
0000:d32c      __local_mktime_
モジュール: C:\WATCOM\lib286\dos\clibl.lib(gmtime.c)
0000:d534      __brktime_
0000:d693+     _gmtime_
0000:d6b6*     gmtime_
モジュール: C:\WATCOM\lib286\dos\clibl.lib(tzset.c)
1114:0a02      ___start_dst
1114:0a14      ___end_dst
1114:0b28*     _tzname
1114:0b30      _timezone
1114:0b34      _daylight
1114:0b36      ___dst_adjust
0000:d6c8*     __DontCacheOSTZ_
0000:d6e1*     __CacheOSTZ_
0000:dc2b+     __parse_tz_
0000:dd77      tzset_
モジュール: C:\WATCOM\lib286\dos\clibl.lib(timeutil.c)
0000:ded4      __isindst_
モジュール: C:\WATCOM\lib286\dos\clibl.lib(gtche.c)
0000:e1c1      getche_
モジュール: C:\WATCOM\lib286\dos\clibl.lib(qread.c)
0000:e1db      __qread_
モジュール: C:\WATCOM\lib286\dos\clibl.lib(mbtowc.c)
0000:e1f9      mbtowc_
モジュール: C:\WATCOM\lib286\dos\clibl.lib(bits.c)
1114:05b4      __Bits
モジュール: C:\WATCOM\lib286\dos\clibl.lib(fdfs086)
0000:e29a      __FDFS
モジュール: C:\WATCOM\lib286\dos\clibl.lib(noefgfmt.c)
1114:0b5e      ___EFG_printf
1114:0b62      ___EFG_scanf
モジュール: C:\WATCOM\lib286\dos\clibl.lib(i8m086)
0000:e30b*     __I8M
0000:e30b      __U8M
0000:e2f0*     __I8ME
0000:e2f0*     __U8ME
モジュール: C:\WATCOM\lib286\dos\clibl.lib(wctomb.c)
0000:e455      wctomb_
モジュール: C:\WATCOM\lib286\dos\clibl.lib(itoa.c)
0000:e47e+     utoa_
0000:e4db      itoa_
モジュール: C:\WATCOM\lib286\dos\clibl.lib(lltoa.c)
0000:e4ff      ulltoa_
0000:e5e3*     lltoa_
モジュール: C:\WATCOM\lib286\dos\clibl.lib(strupr.c)
0000:e645      _strupr_
モジュール: C:\WATCOM\lib286\dos\clibl.lib(ltoa.c)
0000:e667      ultoa_
0000:e6d6*     ltoa_
モジュール: C:\WATCOM\lib286\dos\clibl.lib(doserror)
0000:e706      __doserror_
0000:e712*     __doserror1_
モジュール: C:\WATCOM\lib286\dos\clibl.lib(frealloc.c)
0000:e71c*     _frealloc_
0000:e71c      realloc_
モジュール: C:\WATCOM\lib286\dos\clibl.lib(iomodtty.c)
0000:e7e0      __ChkTTYIOMode_
モジュール: C:\WATCOM\lib286\dos\clibl.lib(filedos.c)
0000:e81e*     _dos_close_
0000:e82a      _dos_commit_
モジュール: C:\WATCOM\lib286\dos\clibl.lib(sbrk.c)
0000:e837      __brk_
0000:e89c*     sbrk_
モジュール: C:\WATCOM\lib286\dos\clibl.lib(clearenv.c)
0000:e8ac      clearenv_
モジュール: C:\WATCOM\lib286\dos\clibl.lib(mbisdbcs.c)
1114:0b66      ___IsDBCS
モジュール: C:\WATCOM\lib286\dos\clibl.lib(getltdos.c)
0000:e9f5      dos_get_dbcs_lead_table_
モジュール: C:\WATCOM\lib286\dos\clibl.lib(getcpdos.c)
0000:ea1e      dos_get_code_page_
モジュール: C:\WATCOM\lib286\dos\clibl.lib(leapyear.c)
0000:ea2e      ___diyr
0000:ea48      ___dilyr
0000:ea62      __leapyear_
モジュール: C:\WATCOM\lib286\dos\clibl.lib(alphabet.c)
1114:05bc      ___Alphabet
モジュール: C:\WATCOM\lib286\dos\clibl.lib(fmsize.c)
0000:ea8c*     _msize_
0000:ea8c      _fmsize_
モジュール: C:\WATCOM\lib286\dos\clibl.lib(nexpand.c)
0000:ea9d      _nexpand_
モジュール: C:\WATCOM\lib286\dos\clibl.lib(fmemcpy.c)
0000:eaed      _fmemcpy_
モジュール: C:\WATCOM\lib286\dos\clibl.lib(fexpand.c)
0000:eb12      _fexpand_
0000:eb12*     _expand_
モジュール: C:\WATCOM\lib286\dos\clibl.lib(_expand.c)
0000:eb47      __HeapManager_expand_
モジュール: C:\WATCOM\lib286\dos\clibl.lib(bexpand.c)
0000:ecc7      _bexpand_
モジュール: C:\WATCOM\lib286\dos\clibl.lib(bfree.c)
0000:ed20      _bfree_


                        +--------------------+
                        |   使用ライブラリ   |
                        +--------------------+

C:\WATCOM\lib286\plibl.lib
C:\WATCOM\lib286\dos\clibl.lib


                        +-----------------------+
                        |     リンカー統計      |
                        +-----------------------+

スタック サイズ:  2000 (8192.)
メモリ サイズ:  000149c0 (84416.)
エントリアドレス: 0000:834e
リンク時間: 00:00.16
