Open Watcom Linker Version 2.0 beta May 10 2026 04:44:38 (32-bit)
Copyright (c) 2002-2026 The Open Watcom Contributors. All Rights Reserved.
Portions Copyright (c) 1985-2002 Sybase, Inc. All Rights Reserved.
新規作成:       26/05/20 23:50:44
実行可能イメージ: build\bin\sockhelp_v2.exe
a DOS 実行可能 を作成中


                        +------------+
                        |  グループ  |
                        +------------+

グループ                        アドレス             サイズ
=====                           =======              ====

DGROUP                          10c7:0000            00003880



                        +--------------+
                        |  セグメント  |
                        +--------------+

セグメント             クラス         グループ      アドレス        サイズ
=========              ======         =========      ========        ======

sockhelp_v2_TEXT       CODE           AUTO           0000:0000       00000537
packet_TEXT            CODE           AUTO           0000:0540       000006a3
arp_TEXT               CODE           AUTO           0000:0bf0       00000aae
eth_TEXT               CODE           AUTO           0000:16a0       00000000
ip_TEXT                CODE           AUTO           0000:16a0       00000d19
tcp_TEXT               CODE           AUTO           0000:23c0       00002947
tcpsockm_TEXT          CODE           AUTO           0000:4d10       00000454
udp_TEXT               CODE           AUTO           0000:5170       00000472
utils_TEXT             CODE           AUTO           0000:55f0       000013f2
dns_TEXT               CODE           AUTO           0000:69f0       00000e80
timer_TEXT             CODE           AUTO           0000:7870       00000150
_TEXT                  CODE           AUTO           0000:79c0       000070ef
trace_TEXT             CODE           AUTO           0000:eab0       000000fa
fsroot_TEXT            CODE           AUTO           0000:ebaa       0000000b
cppdata_TEXT           CODE           AUTO           0000:ebb5       00000000
sockhelp_v2_DATA1      FAR_CONST      AUTO           0ebb:0005       00000307
packet_DATA1           FAR_CONST      AUTO           0ebb:030c       00000164
arp_DATA1              FAR_CONST      AUTO           0ebb:0470       00000279
ip_DATA1               FAR_CONST      AUTO           0ebb:06e9       00000285
tcp_DATA1              FAR_CONST      AUTO           0ebb:096e       00000c50
tcpsockm_DATA1         FAR_CONST      AUTO           0ebb:15be       000001b0
udp_DATA1              FAR_CONST      AUTO           0ebb:176e       0000014d
utils_DATA1            FAR_CONST      AUTO           0ebb:18bb       000004b2
dns_DATA1              FAR_CONST      AUTO           0ebb:1d6d       0000031b
trace_DATA1            FAR_CONST      AUTO           0ebb:2088       0000002a
fsroot_DATA1           FAR_CONST      AUTO           10c7:0000       00000000
cppdata_DATA1          FAR_CONST      AUTO           10c7:0000       00000000
FAR_DATA               FAR_DATA       AUTO           10c7:0000       00000000
_NULL                  BEGDATA        DGROUP         10c7:0000       00000020
_AFTERNULL             BEGDATA        DGROUP         10c9:0000       00000002
CONST                  DATA           DGROUP         10c9:0002       00000366
CONST2                 DATA           DGROUP         1100:0000       00000251
_DATA                  DATA           DGROUP         1126:0000       00000578
XIB                    DATA           DGROUP         117d:0008       00000000
XI                     DATA           DGROUP         117d:0008       00000024
XIE                    DATA           DGROUP         117f:000c       00000000
YIB                    DATA           DGROUP         117f:000c       00000000
YI                     DATA           DGROUP         117f:000c       00000018
YIE                    DATA           DGROUP         1181:0004       00000000
DATA                   DATA           DGROUP         1181:0004       00000000
_BSS                   BSS            DGROUP         1182:0000       00000cc2
STACK                  STACK          DGROUP         124f:0000       00002000


                        +----------------+
                        | メモリ・マップ |
                        +----------------+

* = 参照されないシンボル
+ = シンボルはローカルでの参照のみです

アドレス       シンボル
========       ========

モジュール: build/obj/sockhelp_v2.obj(build/obj/sockhelp_v2.obj)
0000:0000+     void __far ctrlBreakHandler()
0000:0048+     int __far init_mtcp()
0000:011c+     void __far shutdown_mtcp()
0000:0166+     int __far connect_to_server( char unsigned __far *, short unsigned )
0000:0314      main_
モジュール: build/obj/packet_l.obj(build/obj/packet_l.obj)
10c7:0c3e      char unsigned __far Buffer_first
10c7:0c3f      char unsigned __far Buffer_next
10c7:0c9a+     char unsigned __far Buffer_lowFreeCount
10c7:0c9c+     long unsigned __far Packets_dropped
10c7:0ca0+     long unsigned __far Packets_received
10c7:0ca4+     long unsigned __far Packets_sent
10c7:0ca8+     long unsigned __far Packets_send_errs
10c7:0cac+     long unsigned __far Packets_send_retries
0000:0540      char signed __far Buffer_init()
0000:05d2      void __far Buffer_startReceiving()
0000:05da      void __far Buffer_free( char unsigned const __far * )
0000:063c      void __far Buffer_stopReceiving()
0000:0644      void __far Buffer_stop()
0000:0660      char signed __far Packet_registerEtherType( short unsigned, void (__far *)())
0000:06a2*     void __far Packet_registerDefault( void (__far *)())
0000:078a      char signed __far Packet_init( char unsigned )
0000:079c+     char signed __far Packet_init2( char unsigned, short unsigned, short unsigned )
0000:0890      char signed __far Packet_release_type()
0000:0912      void __far Packet_get_addr( char unsigned __far * )
0000:0950      void __far Packet_send_pkt( void __far *, short unsigned )
0000:0a72      void __far Packet_process_internal()
0000:0b7c      void __far Packet_dumpStats( __iobuf __far * )
0000:0bcc*     char unsigned __far Packet_getSoftwareInt()
0000:0bd2*     short unsigned __far Packet_getHandle()
0000:0bd8*     void __far Packet_setHandle( short unsigned )
0000:0bde*     void __far Packet_setInt( char unsigned )
10c7:05f0+     char const __far * __far PKT_DRVR_EYE_CATCHER
10c7:0cb4+     void (__far * __far Packet_EtherTypeHandler[])( char unsigned __far *, short unsigned )
10c7:0cbc+     short unsigned __far Packet_EtherTypeVal[]
10c7:0cc0+     char unsigned __far Packet_EtherTypeHandlers
10c7:0cc2+     void (__far * __far Packet_typeUnhandled)( char unsigned __far *, short unsigned )
モジュール: build/obj/arp_l.obj(build/obj/arp_l.obj)
10c7:0cd0+     Arp::__5QEQH2Pending_t __far Arp::pending[]
10c7:0ce4      short unsigned __far Arp::pendingEntries
10c7:0ce6+     Arp::__2AF1EIRec_t __far Arp::arpTable[]
10c7:0d2c+     short unsigned __far Arp::entries
10c7:0d30+     long unsigned __far Arp::RequestsReceived
10c7:0d34+     long unsigned __far Arp::RepliesReceived
0000:0bf0      void __far Arp::dumpStats( __iobuf __far * )
0000:0c42      void __far Arp::init()
0000:0dce      void __far Arp::clearPendingTable()
0000:0df4*     void __far Arp::dumpTable()
0000:0e92+     char signed __far Arp::findEth( char unsigned const __far *, char unsigned __far * )
0000:0f28      void __far Arp::processArp( char unsigned __far *, short unsigned )
0000:1176      void __far Arp::driveArp2()
0000:1268+     void __far Arp::updateEntry( short unsigned, char unsigned const __far * )
0000:12e2+     void __far Arp::updateOrAddCache( char unsigned __far *, char unsigned __far * )
0000:1470+     void __far Arp::sendArpRequest( char unsigned __far * )
0000:1552      void __far Arp::sendArpRequest2( char unsigned __far * )
0000:15cc+     void __far Arp::sendArpResponse( ArpHeader __far * )
0000:167e      char signed __far Arp::resolve( char unsigned __far *, char unsigned __far * )
10c7:0d38+     long unsigned __far Arp::RequestsSent
10c7:0d3c+     long unsigned __far Arp::RepliesSent
10c7:0d40+     long unsigned __far Arp::CacheModifiedCount
10c7:0d44+     long unsigned __far Arp::CacheEvictions
10c7:0d48+     __4DJ5K5ArpPacket_t __far Arp_prebuiltResponse
10c7:0d84+     __4DJ5K5ArpPacket_t __far Arp_prebuiltRequest
モジュール: build/obj/eth_l.obj(build/obj/eth_l.obj)
10c7:0390      char unsigned const __far Eth::Eth_Broadcast[]
10c7:0612      short unsigned __far MyMTU
10c7:0dc0      char unsigned __far MyEthAddr[]
モジュール: build/obj/ip_l.obj(build/obj/ip_l.obj)
10c7:0dd0      char unsigned __far Gateway[]
10c7:0dd4      char unsigned const __far IpInvalid[]
10c7:0dd8+     long unsigned __far Ip::icmpRecvPackets
10c7:0ddc*     long unsigned __far Ip::ptrWrapCorrected
10c7:0de0+     long unsigned __far Ip::badChecksum
10c7:0de4+     long unsigned __far Ip::unhandledProtocol
10c7:0de8+     long unsigned __far Ip::fragsReceived
10c7:0dec+     long unsigned __far Ip::goodReassemblies
10c7:0df0+     long unsigned __far Ip::timeoutReassemblies
10c7:0df4+     long unsigned __far Ip::notEnoughSlots
10c7:0df8+     long unsigned __far Ip::tooManyInFlight
10c7:0dfc+     long unsigned __far Ip::payloadTooBig
10c7:0e00+     short unsigned __far IpHeader::IpIdent
10c7:0e02      char unsigned __far * __far Ip::ipReassemblyMemoryStart
10c7:0e06      char unsigned __far * __far Ip::ipReassemblyMemoryEnd
10c7:0e0a      char unsigned __far Ip::fragsInReassembly
10c7:0620      char __far MyHostname[]
10c7:0634      char unsigned __far MyIpAddr[]
10c7:0638      char unsigned __far Netmask[]
10c7:063c      long unsigned __far MyIpAddr_u
10c7:0640      long unsigned __far Netmask_u
0000:16a0      void __far Ip::dumpStats( __iobuf __far * )
0000:1816      int __far Ip::initForReassembly()
0000:1894      void __far Ip::reassemblyStop()
0000:18d8      void __far Ip::returnBigPacket( char unsigned __far * )
0000:18f4      void __far Ip::purgeOverdue()
0000:1e9e      void __far Ip::process( char unsigned __far *, short unsigned )
0000:200e      void __far IpHeader::set( char unsigned, char unsigned const __far *, short unsigned, char unsigned, short unsigned )
0000:20f8      char signed __far IpHeader::setDestEth( char unsigned __far * )
0000:21b8      void __far Icmp::init()
0000:21e4+     void __near Icmp::process( char unsigned __far *, IpHeader __far * )
10c7:03a0      char unsigned const __far IpBroadcastNonRoutable[]
10c7:0f96+     void (__far * __far Icmp::icmpCallback)( char unsigned const __far *, IcmpHeader const __far * )
10c7:0f9a+     __4C6MUKIcmpEchoPacket_t __far Icmp::icmpEchoPacket
モジュール: build/obj/tcp_l.obj(build/obj/tcp_l.obj)
10c7:10d0+     long unsigned __far Tcp::Packets_Sent
10c7:10d4+     long unsigned __far Tcp::Packets_Received
10c7:10d8+     long unsigned __far Tcp::Packets_Retransmitted
10c7:10dc+     long unsigned __far Tcp::Packets_SeqOrAckError
10c7:10e0+     long unsigned __far Tcp::Packets_DroppedNoSpace
10c7:10e4+     long unsigned __far Tcp::OurWindowReopened
10c7:10e8+     long unsigned __far Tcp::SentZeroWindowProbe
10c7:10ec+     long unsigned __far Tcp::ChecksumErrors
10c7:10f0      short unsigned __far Tcp::Pending_Sent
10c7:10f2      short unsigned __far Tcp::Pending_Outgoing
10c7:10f4+     TcpBuffer __far * __far TcpBuffer::xmitBuffers[]
10c7:111c+     char unsigned __far TcpBuffer::freeXmitBuffers
10c7:0670+     char __far * __far TcpSocket::StateDesc[]
0000:23c0      void __far Tcp::dumpStats( __iobuf __far * )
0000:2412      char signed __far TcpBuffer::init( char unsigned )
0000:2524      void __far TcpBuffer::stop()
0000:2540*     __far TcpSocket::TcpSocket()
0000:2552      void __far TcpSocket::reinit()
0000:266c      char signed __far TcpSocket::setRecvBuffer( short unsigned )
0000:276c+     char signed __near TcpSocket::connect2( short unsigned, char unsigned __far *, short unsigned )
0000:2860*     char signed __far TcpSocket::connect( short unsigned, char unsigned __far *, short unsigned, long unsigned )
0000:2998      char signed __far TcpSocket::connectNonBlocking( short unsigned, char unsigned __far *, short unsigned )
0000:29ac*     char signed __far TcpSocket::shutdown( char unsigned )
0000:2a16+     char signed __near TcpSocket::closeLocal()
0000:2b72      void __far TcpSocket::close()
0000:2c1e*     void __far TcpSocket::closeNonblocking()
0000:2c6e+     char signed __far TcpSocket::isCloseDone()
0000:2d16+     void __near TcpSocket::clearQueues()
0000:2e46      void __far TcpSocket::destroy()
0000:2eca+     void __near TcpSocket::setMaxEnqueueSize( TcpHeader __far * )
0000:2f12+     short __far TcpSocket::enqueue( TcpBuffer __far * )
0000:30e4+     void __near TcpSocket::resendPacket( TcpBuffer __far * )
0000:31a4+     char signed __near TcpSocket::sendPacket( TcpBuffer __far * )
0000:3662+     void __near TcpSocket::sendResetPacket( IpHeader __far *, TcpHeader __far *, short unsigned )
0000:37a2+     void __near TcpSocket::sendPureAck( bool )
0000:3874      void __far Tcp::process( char unsigned __far *, IpHeader __far * )
0000:3aa6+     void __near Tcp::process2( char unsigned __far *, IpHeader __far *, TcpHeader __far *, TcpSocket __far * )
0000:4190+     int __far Tcp::processPacketData( TcpSocket __far *, short unsigned, char unsigned __far *, IpHeader __far *, TcpHeader __far * )
0000:438e+     void __near TcpSocket::removeSentPackets( long unsigned )
0000:45ae+     char signed __near TcpSocket::addToRcvBuf( char unsigned __far *, short unsigned )
0000:4696*     short __far TcpSocket::recv( char unsigned __far *, short unsigned )
0000:480e*     short __far TcpSocket::send( char unsigned __far *, short unsigned )
0000:4940      void __far Tcp::drivePackets2()
0000:4cae+     short unsigned __near TcpHeader::readMSS( TcpHeader __far * )
10c7:111d+     char unsigned __far TcpBuffer::allocatedXmitBuffers
10c7:111e+     void __far * __far TcpBuffer::xmitBuffersMemPtr
モジュール: build/obj/tcpsockm_l.obj(build/obj/tcpsockm_l.obj)
10c7:1122      TcpSocket __far * __far TcpSocketMgr::socketTable[]
10c7:1132+     TcpSocket __far * __far TcpSocketMgr::availSocketTable[]
10c7:1142+     TcpSocket __far * __far TcpSocketMgr::socketsMemPtr
10c7:1146      char unsigned __far TcpSocketMgr::activeSockets
10c7:1147+     char unsigned __far TcpSocketMgr::availSockets
0000:4d10      char signed __far TcpSocketMgr::init( char unsigned )
0000:4e52      void __far TcpSocketMgr::stop()
0000:4e6e      TcpSocket __far * __far TcpSocketMgr::getSocket()
0000:4ee6      char signed __far TcpSocketMgr::freeSocket( TcpSocket __far * )
0000:4f60*     TcpSocket __far * __far TcpSocketMgr::accept()
0000:5078      void __far TcpSocketMgr::makeActive( TcpSocket __far * )
0000:50f8      void __far TcpSocketMgr::makeInactive( TcpSocket __far * )
10c7:1148+     char unsigned __far TcpSocketMgr::allocatedSockets
10c7:1149      char unsigned __far TcpSocketMgr::pendingAccepts
10c7:114a      short unsigned __far TcpSocketMgr::MSS_to_advertise
モジュール: build/obj/udp_l.obj(build/obj/udp_l.obj)
10c7:1150+     char unsigned __far Udp::callbackPorts
10c7:1152+     short unsigned __far Udp::callbackList[]
10c7:1154+     void (__far * __far Udp::callbackFunctions[])( char unsigned const __far *, UdpHeader const __far * )
10c7:1158+     long unsigned __far Udp::Packets_Sent
10c7:115c+     long unsigned __far Udp::Fragments_Sent
10c7:1160+     long unsigned __far Udp::Packets_Received
0000:5170      void __far Udp::dumpStats( __iobuf __far * )
0000:51b8*     short unsigned __far Udp::getUnusedCallbackPort()
0000:51f8      char signed __far Udp::registerCallback( short unsigned, void (__far *)())
0000:5254      char signed __far Udp::unregisterCallback( short unsigned )
0000:52be      char signed __far Udp::sendUdp( char unsigned const __far *, short unsigned, short unsigned, short unsigned, char unsigned __far *, char unsigned )
0000:5490      void __far Udp::process( char unsigned const __far *, IpHeader __far * )
10c7:1164+     long unsigned __far Udp::NoHandler
10c7:1168+     long unsigned __far Udp::ChecksumErrors
モジュール: build/obj/utils_l.obj(build/obj/utils_l.obj)
10c7:03b0+     char const __far Parm_PacketInt[]
10c7:03c0+     char const __far Parm_Hostname[]
10c7:03d0*     char const __far Parm_Hostname_Assigned[]
10c7:03e8+     char const __far Parm_Domain[]
10c7:03f0+     char const __far Parm_IpAddr[]
10c7:03f8+     char const __far Parm_Gateway[]
10c7:0400+     char const __far Parm_Netmask[]
10c7:0408+     char const __far Parm_Nameserver[]
10c7:0418+     char const __far Parm_Nameserver_preferred[]
10c7:0430+     char const __far Parm_Mtu[]
10c7:0438+     char const __far Parm_HostsFilename[]
10c7:0448*     char const __far Parm_DHCPLeaseRequest[]
10c7:1170      char unsigned __far mTCP_releaseTimesliceEnabled
10c7:1174+     char unsigned __far Preferred_nameserver[]
10c7:1178+     bool __far Preferred_nameserver_set
10c7:1179+     char unsigned __far Utils::packetInt
10c7:117a+     char unsigned __far Utils::packetInt2
10c7:117c+     __iobuf __far * __far Utils::CfgFile
10c7:1180+     char __far * __far Utils::CfgFilenamePtr
10c7:1184+     void (__far * __far Utils::oldCtrlBreakHandler)()
10c7:1188+     char __far Utils::lineBuffer[]
10c7:1228+     char __far Utils::parmName[]
0000:55f0      void __far Utils::dumpBytes( __iobuf __far *, char unsigned __far *, int unsigned )
0000:56f4+     bool __far Utils::rtrim( char __far * )
0000:571e+     int __far Utils::getLine( __iobuf __far *, bool, char __far *, int, int )
0000:57e0      char signed __far Utils::parseEnv()
0000:5f0c+     void __far Utils::parseOptionalEnvVars()
0000:5fa4*     __iobuf __far * __far Utils::openCfgFile()
0000:6000*     void __far Utils::closeCfgFile()
0000:6012*     char signed __far Utils::getAppValue( char const __far *, char __far *, short unsigned )
0000:60fc      char signed __far Utils::initStack( char unsigned, char unsigned, void (__far *)(), void (__far *)())
0000:65f6      void __far Utils::endStack2( bool )
0000:6692+     void __far Utils::dumpStats( __iobuf __far * )
0000:66c4*     long unsigned __far Utils::timeDiff( dostime_t, dostime_t )
0000:67bc      char __far * __far Utils::getNextToken( char __far *, char __far *, short unsigned )
10c7:06b7      char unsigned __far mTCP_sleepCallEnabled
モジュール: build/obj/dns_l.obj(build/obj/dns_l.obj)
10c7:12a0      char unsigned __far Dns::NameServer[]
10c7:12a4+     char unsigned __far Dns::queryPending
10c7:12a6+     __anonymous_enum __far Dns::lastQueryRc
10c7:12a8+     Dns::__3D3F4ADNS_Pending_Rec_t __far Dns::pendingQuery
10c7:13b6+     Dns::__19OH6NDNS_Rec_t __far Dns::dnsTable[]
10c7:143e+     char unsigned __far Dns::entries
10c7:06c0      char __far Dns::Domain[]
10c7:06f8      char __far Dns::HostsFilename[]
0000:69f0*     void __far Dns::flushCache()
0000:6a10+     char signed __far Dns::find( char const __far * )
0000:6a74+     void __far Dns::addOrUpdate( char const __far *, char unsigned __far * )
0000:6b7c*     void __far Dns::deleteFromCache( char const __far * )
0000:6bd4      char signed __far Dns::init()
0000:6c22      void __far Dns::stop()
0000:6c2a*     char signed __far Dns::resolve( char const __far *, char unsigned __far *, char unsigned )
0000:6ed8+     void __far Dns::sendRequest( char unsigned __far *, char const __far *, short unsigned )
0000:71dc+     void __far Dns::udpHandler( char unsigned const __far *, UdpHeader const __far * )
0000:760e*     void __far Dns::drivePendingQuery1()
0000:76a8+     void __far Dns::drivePendingQuery2()
0000:76da+     void __far Dns::scanHostsFile( char const __far *, char const __far *, char unsigned __far * )
モジュール: build/obj/timer_l.obj(build/obj/timer_l.obj)
10c7:15c0      long unsigned volatile __far Timer_CurrentTicks
0000:7870+     void __far Timer_tick_handler()
0000:78c2      void __far Timer_start()
0000:78f4      void __far Timer_stop()
0000:7928*     void __far Timer_manageTimer( short unsigned __far * )
0000:7956*     void __far Timer_stopManagingTimer( short unsigned __far * )
10c7:15f0+     void (__far * __far Timer_old_tick_handler)()
モジュール: build/obj/ipasm.obj(build/obj/ipasm.obj)
0000:79c0      _ipchksum
0000:79f0      _ip_p_chksum
0000:7a65*     _ip_p_chksum2
モジュール: build/obj/trace_l.obj(build/obj/trace_l.obj)
0000:eab0      void __far Trace_beginTracing()
0000:eb0a      void __far Trace_endTracing()
0000:eb1c      void __far Trace_tprintf( char __far *, ... )
10c7:0758      __iobuf __far * __far Trace_Stream
10c7:075c      char __far Trace_Severity
10c7:15f4      short unsigned __far Trace_Debugging
10c7:15f6      char __far * __far Trace_LogFile
モジュール: C:\WATCOM\lib286\dos\clibl.lib(iob.c)
10c7:075e      ___iob
10c7:15fa      ___OpenStreams
10c7:15fe      ___ClosedStreams
モジュール: C:\WATCOM\lib286\dos\clibl.lib(fprintf.c)
0000:7afb      fprintf_
モジュール: C:\WATCOM\lib286\dos\clibl.lib(rand.c)
0000:7b1a      rand_
0000:7b5c      srand_
モジュール: C:\WATCOM\lib286\dos\clibl.lib(strcmp.c)
0000:7b7f      strcmp_
モジュール: C:\WATCOM\lib286\dos\clibl.lib(atoi.c)
0000:7ba7      atoi_
モジュール: C:\WATCOM\lib286\dos\clibl.lib(fopen.c)
0000:7c17+     __open_flags_
0000:7dfe+     _fsopen_
0000:7e5f      fopen_
0000:7f33*     freopen_
モジュール: C:\WATCOM\lib286\dos\clibl.lib(fclose.c)
0000:7f9f      __doclose_
0000:805d      __shutdown_stream_
0000:8074      fclose_
10c7:1602+     ___RmTmpFileFn
モジュール: C:\WATCOM\lib286\dos\clibl.lib(sscanf.c)
0000:80e9+     vsscanf_
0000:8113      sscanf_
モジュール: C:\WATCOM\lib286\dos\clibl.lib(cstart)
10c7:0000*     __nullarea
10c7:08ca*     __ovlflag
10c7:08cb*     __intno
10c7:08cc*     __ovlvec
0000:8134      _cstart_
0000:82df      __exit_
0000:82fc      __do_exit_with_msg_
0000:83d9      __GETDS
モジュール: C:\WATCOM\lib286\dos\clibl.lib(argcv.c)
10c7:1604      __argv
10c7:1608      ___argv
10c7:160c      __argc
10c7:160e      ___argc
モジュール: C:\WATCOM\lib286\plibl.lib(fsroot.cpp)
10c7:0b74      ___wcpp_4_data_init_fs_root_
モジュール: C:\WATCOM\lib286\dos\clibl.lib(fmalloc.c)
0000:83e3      _fmalloc_
0000:83e3      malloc_
10c7:08d0      ___fheapbeg
10c7:08d2      ___fheapRover
10c7:08d4      ___LargestSizeB4Rover
モジュール: C:\WATCOM\lib286\dos\clibl.lib(ffree.c)
0000:84f4      _ffree_
0000:84f4      free_
モジュール: C:\WATCOM\lib286\dos\clibl.lib(fmemcmp.c)
0000:853c      _fmemcmp_
モジュール: C:\WATCOM\lib286\dos\clibl.lib(intx086.c)
0000:8564      int86x_
0000:8605*     int86_
モジュール: C:\WATCOM\lib286\dos\clibl.lib(getenv.c)
0000:8632      getenv_
モジュール: C:\WATCOM\lib286\dos\clibl.lib(strcpy.c)
0000:8701      strcpy_
モジュール: C:\WATCOM\lib286\dos\clibl.lib(time.c)
0000:8749      time_
モジュール: C:\WATCOM\lib286\dos\clibl.lib(memcpy.c)
0000:878a      memcpy_
モジュール: C:\WATCOM\lib286\dos\clibl.lib(memset.c)
0000:87ac      memset_
モジュール: C:\WATCOM\lib286\dos\clibl.lib(i4d)
0000:87c4*     __I4D
0000:8813      __U4D
モジュール: C:\WATCOM\lib286\dos\clibl.lib(fputs.c)
0000:8897      fputs_
モジュール: C:\WATCOM\lib286\dos\clibl.lib(fgets.c)
0000:8933      fgets_
モジュール: C:\WATCOM\lib286\dos\clibl.lib(feof.c)
0000:89c2      feof_
モジュール: C:\WATCOM\lib286\dos\clibl.lib(errno.c)
0000:89cf      __get_errno_ptr_
10c7:1610      _errno
モジュール: C:\WATCOM\lib286\dos\clibl.lib(strerror.c)
0000:89d6      strerror_
0000:89fe*     _strerror_
10c7:08d6+     __sys_errlist
10c7:097a+     __sys_nerr
モジュール: C:\WATCOM\lib286\dos\clibl.lib(_istricm.gas)
0000:8a74      stricmp_
モジュール: C:\WATCOM\lib286\dos\clibl.lib(fseek.c)
0000:8ae4      fseek_
モジュール: C:\WATCOM\lib286\dos\clibl.lib(isspace.c)
0000:8c42      isspace_
モジュール: C:\WATCOM\lib286\dos\clibl.lib(strncpy.c)
0000:8c6b      strncpy_
モジュール: C:\WATCOM\lib286\dos\clibl.lib(puts.c)
0000:8ca7      puts_
モジュール: C:\WATCOM\lib286\dos\clibl.lib(d_getvec.c)
0000:8cd7      _dos_getvect_
モジュール: C:\WATCOM\lib286\dos\clibl.lib(d_setvec.c)
0000:8ce2      _dos_setvect_
モジュール: C:\WATCOM\lib286\dos\clibl.lib(fheapchk.c)
0000:8d96*     _fheapchk_
0000:8d96      _heapchk_
10c7:1712+     ___fheapchk_current
モジュール: C:\WATCOM\lib286\dos\clibl.lib(fflush.c)
0000:8e10      fflush_
モジュール: C:\WATCOM\lib286\dos\clibl.lib(i4m)
0000:8e24      __I4M
0000:8e24      __U4M
モジュール: C:\WATCOM\lib286\dos\clibl.lib(strlen.c)
0000:8e3c      strlen_
モジュール: C:\WATCOM\lib286\dos\clibl.lib(isdigit.c)
0000:8e51      isdigit_
モジュール: C:\WATCOM\lib286\dos\clibl.lib(strcat.c)
0000:8e7a      strcat_
モジュール: C:\WATCOM\lib286\dos\clibl.lib(chainint)
0000:8ea6      _chain_intr_
モジュール: C:\WATCOM\lib286\dos\clibl.lib(dosgtime)
0000:8ec6      _dos_getdate_
0000:8ee4      _dos_gettime_
モジュール: C:\WATCOM\lib286\dos\clibl.lib(vfprintf.c)
0000:8f02      vfprintf_
モジュール: C:\WATCOM\lib286\dos\clibl.lib(flushall.c)
0000:8f12      __flushall_
0000:8f6d      flushall_
モジュール: C:\WATCOM\lib286\dos\clibl.lib(initfile.c)
0000:8f74      __InitFiles_
モジュール: C:\WATCOM\lib286\dos\clibl.lib(ioexit.c)
0000:90cb*     fcloseall_
0000:90d2      __full_io_exit_
モジュール: C:\WATCOM\lib286\dos\clibl.lib(fprtf.c)
0000:90f6      __fprtf_
モジュール: C:\WATCOM\lib286\dos\clibl.lib(istable.c)
10c7:04b2      __IsTable
モジュール: C:\WATCOM\lib286\dos\clibl.lib(comtflag.c)
10c7:097c      __commode
モジュール: C:\WATCOM\lib286\dos\clibl.lib(textmode.c)
10c7:097e      __fmode
モジュール: C:\WATCOM\lib286\dos\clibl.lib(tolower.c)
0000:91b9      tolower_
モジュール: C:\WATCOM\lib286\dos\clibl.lib(open.c)
0000:93b7*     open_
0000:93de      _sopen_
モジュール: C:\WATCOM\lib286\dos\clibl.lib(chktty.c)
0000:93fd      __chktty_
モジュール: C:\WATCOM\lib286\dos\clibl.lib(freefp.c)
0000:9428      __freefp_
0000:949d      __purgefp_
モジュール: C:\WATCOM\lib286\dos\clibl.lib(allocfp.c)
0000:94d9      __allocfp_
モジュール: C:\WATCOM\lib286\dos\clibl.lib(__lseek.c)
0000:95f3      __lseek_
モジュール: C:\WATCOM\lib286\dos\clibl.lib(_clse.c)
0000:9631      __close_
モジュール: C:\WATCOM\lib286\dos\clibl.lib(flush.c)
0000:965a      __flush_
0000:978c*     __clib_flush_
モジュール: C:\WATCOM\lib286\dos\clibl.lib(scnf.c)
0000:a4f9      __scnf_
モジュール: C:\WATCOM\lib286\dos\clibl.lib(xmsg.c)
0000:a760*     __exit_with_msg_
0000:a763      __fatal_runtime_error_
モジュール: C:\WATCOM\lib286\dos\clibl.lib(cmain086.c)
0000:a77c      __CMain
モジュール: C:\WATCOM\lib286\dos\clibl.lib(initrtns.c)
0000:a7ca      __InitRtns
0000:a821      __FiniRtns
モジュール: C:\WATCOM\lib286\dos\clibl.lib(crwdata)
10c7:0980      __curbrk
10c7:0988      __STACKLOW
10c7:098a      __STACKTOP
10c7:098c      __cbyte
10c7:098e      __child
10c7:0990      __no87
10c7:099d      ___FPE_handler
10c7:0982      __psp
10c7:0991      __get_ovl_stack
10c7:0995      __restore_ovl_stack
10c7:0999      __close_ovl_file
10c7:09a1      __LpCmdLine
10c7:09a5      __LpPgmName
10c7:0984      __osmajor
10c7:0985      __osminor
10c7:0986      __osmode
10c7:0987      __HShift
モジュール: C:\WATCOM\lib286\dos\clibl.lib(uselfn.c)
10c7:09aa      ___uselfn
モジュール: C:\WATCOM\lib286\dos\clibl.lib(initargv.c)
0000:aa7d      __Init_Argv_
0000:aad9      __Fini_Argv_
モジュール: C:\WATCOM\lib286\plibl.lib(cppdata.cpp)
10c7:171a      __wint_thread_data
10c7:173e*     __compiled_under_generic
モジュール: C:\WATCOM\lib286\dos\clibl.lib(mem.c)
0000:ab00      __MemAllocator
0000:abc6      __MemFree
モジュール: C:\WATCOM\lib286\dos\clibl.lib(growseg.c)
0000:ad3d      __GrowSeg_
モジュール: C:\WATCOM\lib286\dos\clibl.lib(allocseg.c)
0000:ae0c      __AllocSeg_
モジュール: C:\WATCOM\lib286\dos\clibl.lib(fmemneed.c)
0000:aeab      __fmemneed_
モジュール: C:\WATCOM\lib286\dos\clibl.lib(nmalloc.c)
0000:aeae      _nmalloc_
10c7:09ac      ___nheapbeg
10c7:09ae      ___MiniHeapRover
10c7:09b0      ___LargestSizeB4MiniHeapRover
モジュール: C:\WATCOM\lib286\dos\clibl.lib(heapgrow.c)
0000:af85*     _heapgrow_
0000:af85*     _fheapgrow_
0000:af86      _nheapgrow_
モジュール: C:\WATCOM\lib286\dos\clibl.lib(nfree.c)
0000:affd      _nfree_
10c7:1740+     ___MiniHeapFreeRover
モジュール: C:\WATCOM\lib286\dos\clibl.lib(dointr)
0000:b0fa      _DoINTR_
モジュール: C:\WATCOM\lib286\dos\clibl.lib(segread.c)
0000:b46f      segread_
モジュール: C:\WATCOM\lib286\dos\clibl.lib(environ.c)
10c7:1742      ___env_mask
10c7:1746      _environ
10c7:174a      __wenviron
モジュール: C:\WATCOM\lib286\dos\clibl.lib(mbterm.c)
0000:b48f      _mbterm_
モジュール: C:\WATCOM\lib286\dos\clibl.lib(mbsnextc.c)
0000:b4bb      _mbsnextc_
モジュール: C:\WATCOM\lib286\dos\clibl.lib(mbcupper.c)
0000:b4e0      _mbctoupper_
モジュール: C:\WATCOM\lib286\dos\clibl.lib(mbsinc.c)
0000:b503      _mbsinc_
モジュール: C:\WATCOM\lib286\dos\clibl.lib(gtctm.c)
0000:b527      __getctime_
モジュール: C:\WATCOM\lib286\dos\clibl.lib(mktime.c)
0000:b5b0      mktime_
モジュール: C:\WATCOM\lib286\dos\clibl.lib(fputc.c)
0000:b664      fputc_
モジュール: C:\WATCOM\lib286\dos\clibl.lib(ioalloc.c)
0000:b731      __ioalloc_
モジュール: C:\WATCOM\lib286\dos\clibl.lib(fgetc.c)
0000:b7c9+     __fill_buffer_
0000:b8b5      fgetc_
モジュール: C:\WATCOM\lib286\dos\clibl.lib(stricmp.c)
0000:b95a      _stricmp_
モジュール: C:\WATCOM\lib286\dos\clibl.lib(lseek.c)
0000:b995      lseek_
モジュール: C:\WATCOM\lib286\dos\clibl.lib(tell.c)
0000:b9c0      _tell_
モジュール: C:\WATCOM\lib286\dos\clibl.lib(heapwalk.c)
0000:ba11      __HeapWalk_
モジュール: C:\WATCOM\lib286\dos\clibl.lib(prtf.c)
0000:c65d      __prtf_
モジュール: C:\WATCOM\lib286\dos\clibl.lib(opendos.c)
0000:c891      _dos_open_
モジュール: C:\WATCOM\lib286\dos\clibl.lib(iomode.c)
0000:c8b5      __GetIOMode_
0000:c8da      __SetIOMode_
10c7:09b2      ___NFiles
10c7:09b4      ___init_mode
10c7:09dc      ___io_mode
モジュール: C:\WATCOM\lib286\dos\clibl.lib(isatt.c)
0000:c8fd      isatty_
モジュール: C:\WATCOM\lib286\dos\clibl.lib(doserrno.c)
10c7:174e      __doserrno
モジュール: C:\WATCOM\lib286\dos\clibl.lib(umaskval.c)
10c7:09e0      ___umaskval
モジュール: C:\WATCOM\lib286\dos\clibl.lib(creatdos.c)
0000:c923      _dos_creat_
0000:c945*     _dos_creatnew_
モジュール: C:\WATCOM\lib286\dos\clibl.lib(stiomode.c)
0000:c964+     __grow_iomode_
0000:ca50      __SetIOMode_grow_
モジュール: C:\WATCOM\lib286\dos\clibl.lib(dosret.c)
0000:caa8      __set_errno_dos_
0000:cb02*     __set_errno_dos_reterr_
モジュール: C:\WATCOM\lib286\dos\clibl.lib(qwrit.c)
0000:cb0c      __qwrite_
モジュール: C:\WATCOM\lib286\dos\clibl.lib(fsync.c)
0000:cb68      fsync_
モジュール: C:\WATCOM\lib286\dos\clibl.lib(mbislead.c)
0000:cb6d      _ismbblead_
10c7:1752      ___MBCSIsTable
モジュール: C:\WATCOM\lib286\dos\clibl.lib(mbtowc.c)
0000:cb8a      mbtowc_
モジュール: C:\WATCOM\lib286\dos\clibl.lib(bits.c)
10c7:05b4      __Bits
モジュール: C:\WATCOM\lib286\dos\clibl.lib(fdfs086)
0000:cc2c      __FDFS
モジュール: C:\WATCOM\lib286\dos\clibl.lib(noefgfmt.c)
10c7:09f6      ___EFG_printf
10c7:09fa      ___EFG_scanf
モジュール: C:\WATCOM\lib286\dos\clibl.lib(i8m086)
0000:cc9d*     __I8M
0000:cc9d      __U8M
0000:cc82*     __I8ME
0000:cc82*     __U8ME
モジュール: C:\WATCOM\lib286\dos\clibl.lib(enterdb.c)
0000:cde7      __EnterWVIDEO_
10c7:09fe+     __WD_Present
モジュール: C:\WATCOM\lib286\dos\clibl.lib(___argc.c)
10c7:1854      ____Argv
10c7:1858      ____Argc
モジュール: C:\WATCOM\lib286\dos\clibl.lib(exit.c)
0000:ce0b+     __null_int23_exit_
0000:ce0c      exit_
0000:ce37*     _exit_
10c7:0a00+     ___int23_exit
10c7:0a02+     ___FPE_handler_exit
モジュール: C:\WATCOM\lib286\dos\clibl.lib(sgdef086)
10c7:0b68      __Start_XI
10c7:0b8c      __End_XI
10c7:0b8c      __Start_YI
10c7:0ba4      __End_YI
モジュール: C:\WATCOM\lib286\dos\clibl.lib(histsplt.c)
10c7:185a      ___historical_splitparms
モジュール: C:\WATCOM\lib286\dos\clibl.lib(heapen.c)
10c7:0a04      ___heap_enabled
モジュール: C:\WATCOM\lib286\dos\clibl.lib(amblksiz.c)
10c7:0a06      __amblksiz
モジュール: C:\WATCOM\lib286\dos\clibl.lib(nmemneed.c)
0000:ce50      __nmemneed_
モジュール: C:\WATCOM\lib286\dos\clibl.lib(grownear.c)
0000:ced2      __LastFree_
0000:cf4a      __ExpandDGROUP_
モジュール: C:\WATCOM\lib286\dos\clibl.lib(setenvp.c)
0000:d06d      __setenvp_
0000:d16e      __freeenvp_
モジュール: C:\WATCOM\lib286\dos\clibl.lib(mbinit.c)
0000:d25a      __mbinit_
10c7:0a08      ___MBCodePage
モジュール: C:\WATCOM\lib286\dos\clibl.lib(mbdtoupp.c)
0000:d2d7      _mbdtoupper_
モジュール: C:\WATCOM\lib286\dos\clibl.lib(toupper.c)
0000:d2e5      toupper_
モジュール: C:\WATCOM\lib286\dos\clibl.lib(locmktim.c)
0000:d2f3      __local_mktime_
モジュール: C:\WATCOM\lib286\dos\clibl.lib(gmtime.c)
0000:d4fb      __brktime_
0000:d65a+     _gmtime_
0000:d67d*     gmtime_
モジュール: C:\WATCOM\lib286\dos\clibl.lib(tzset.c)
10c7:0a0a      ___start_dst
10c7:0a1c      ___end_dst
10c7:0b30*     _tzname
10c7:0b38      _timezone
10c7:0b3c      _daylight
10c7:0b3e      ___dst_adjust
0000:d68f*     __DontCacheOSTZ_
0000:d6a8*     __CacheOSTZ_
0000:dbf2+     __parse_tz_
0000:dd3e      tzset_
モジュール: C:\WATCOM\lib286\dos\clibl.lib(timeutil.c)
0000:de9b      __isindst_
モジュール: C:\WATCOM\lib286\dos\clibl.lib(gtche.c)
0000:e188      getche_
モジュール: C:\WATCOM\lib286\dos\clibl.lib(qread.c)
0000:e1a2      __qread_
モジュール: C:\WATCOM\lib286\dos\clibl.lib(wctomb.c)
0000:e1c0      wctomb_
モジュール: C:\WATCOM\lib286\dos\clibl.lib(itoa.c)
0000:e1e9+     utoa_
0000:e246      itoa_
モジュール: C:\WATCOM\lib286\dos\clibl.lib(lltoa.c)
0000:e26a      ulltoa_
0000:e34e*     lltoa_
モジュール: C:\WATCOM\lib286\dos\clibl.lib(strupr.c)
0000:e3b0      _strupr_
モジュール: C:\WATCOM\lib286\dos\clibl.lib(ltoa.c)
0000:e3d2      ultoa_
0000:e441*     ltoa_
モジュール: C:\WATCOM\lib286\dos\clibl.lib(doserror)
0000:e470      __doserror_
0000:e47c*     __doserror1_
モジュール: C:\WATCOM\lib286\dos\clibl.lib(frealloc.c)
0000:e486*     _frealloc_
0000:e486      realloc_
モジュール: C:\WATCOM\lib286\dos\clibl.lib(iomodtty.c)
0000:e54a      __ChkTTYIOMode_
モジュール: C:\WATCOM\lib286\dos\clibl.lib(filedos.c)
0000:e588*     _dos_close_
0000:e594      _dos_commit_
モジュール: C:\WATCOM\lib286\dos\clibl.lib(sbrk.c)
0000:e5a1      __brk_
0000:e606*     sbrk_
モジュール: C:\WATCOM\lib286\dos\clibl.lib(clearenv.c)
0000:e616      clearenv_
モジュール: C:\WATCOM\lib286\dos\clibl.lib(mbisdbcs.c)
10c7:0b66      ___IsDBCS
モジュール: C:\WATCOM\lib286\dos\clibl.lib(getltdos.c)
0000:e75f      dos_get_dbcs_lead_table_
モジュール: C:\WATCOM\lib286\dos\clibl.lib(getcpdos.c)
0000:e788      dos_get_code_page_
モジュール: C:\WATCOM\lib286\dos\clibl.lib(leapyear.c)
0000:e798      ___diyr
0000:e7b2      ___dilyr
0000:e7cc      __leapyear_
モジュール: C:\WATCOM\lib286\dos\clibl.lib(alphabet.c)
10c7:05bc      ___Alphabet
モジュール: C:\WATCOM\lib286\dos\clibl.lib(fmsize.c)
0000:e7f6*     _msize_
0000:e7f6      _fmsize_
モジュール: C:\WATCOM\lib286\dos\clibl.lib(nexpand.c)
0000:e807      _nexpand_
モジュール: C:\WATCOM\lib286\dos\clibl.lib(fmemcpy.c)
0000:e857      _fmemcpy_
モジュール: C:\WATCOM\lib286\dos\clibl.lib(fexpand.c)
0000:e87c      _fexpand_
0000:e87c*     _expand_
モジュール: C:\WATCOM\lib286\dos\clibl.lib(_expand.c)
0000:e8b1      __HeapManager_expand_
モジュール: C:\WATCOM\lib286\dos\clibl.lib(bexpand.c)
0000:ea31      _bexpand_
モジュール: C:\WATCOM\lib286\dos\clibl.lib(bfree.c)
0000:ea8a      _bfree_


                        +--------------------+
                        |   使用ライブラリ   |
                        +--------------------+

C:\WATCOM\lib286\plibl.lib
C:\WATCOM\lib286\dos\clibl.lib


                        +-----------------------+
                        |     リンカー統計      |
                        +-----------------------+

スタック サイズ:  2000 (8192.)
メモリ サイズ:  000144f0 (83184.)
エントリアドレス: 0000:8134
リンク時間: 00:00.57
